{"type":"server-started","port":51291,"host":"127.0.0.1","url_host":"localhost","url":"http://localhost:51291","screen_dir":"/Users/anna.celma.e/Documents/1. AIR Lab com/Website april 2026/airlab-website/.superpowers/brainstorm/81509-1779763759/content","state_dir":"/Users/anna.celma.e/Documents/1. AIR Lab com/Website april 2026/airlab-website/.superpowers/brainstorm/81509-1779763759/state"}
{"type":"screen-added","file":"/Users/anna.celma.e/Documents/1. AIR Lab com/Website april 2026/airlab-website/.superpowers/brainstorm/81509-1779763759/content/section-layout.html"}
{"source":"user-event","type":"click","text":"Option A Tabs\n    \n      \n        Observe\n        Understand\n        Simulate\n        …\n      \n      \n        \n          Live air situation\n          Hybrid / replay\n          Flight plan gen.\n          SIGMET\n        \n        Visual / demo\n      \n    \n    \n      Onglets horizontaux\n      Catégories en haut comme des onglets. Click → features à gauche, visuel à droite. Familier, compact, bon sur mobile.","choice":"a","id":null,"timestamp":1779763952042}
{"type":"screen-added","file":"/Users/anna.celma.e/Documents/1. AIR Lab com/Website april 2026/airlab-website/.superpowers/brainstorm/81509-1779763759/content/right-panel.html"}
{"type":"screen-added","file":"/Users/anna.celma.e/Documents/1. AIR Lab com/Website april 2026/airlab-website/.superpowers/brainstorm/81509-1779763759/content/color-identity.html"}
{"source":"user-event","type":"click","text":"Option A Brand only\n    \n      \n        Observe\n        Understand\n        Simulate\n        …\n      \n      \n        \n          \n            Live air situation\n            Hybrid / replay\n            Flight plan gen.\n          \n          \n            Screenshot\n            Live Air Situation Display\n          \n        \n      \n    \n    \n      Tout en teal AIR Lab\n      Un seul accent — le teal de la marque. Cohérent avec le reste du site, sobre. Chaque pilier se différencie par son nom, pas sa couleur.","choice":"a","id":null,"timestamp":1779764202480}
{"type":"screen-added","file":"/Users/anna.celma.e/Documents/1. AIR Lab com/Website april 2026/airlab-website/.superpowers/brainstorm/81509-1779763759/content/waiting-1.html"}
{"type":"screen-added","file":"/Users/anna.celma.e/Documents/1. AIR Lab com/Website april 2026/airlab-website/.superpowers/brainstorm/81509-1779763759/content/full-section-mockup.html"}
{"type":"screen-updated","file":"/Users/anna.celma.e/Documents/1. AIR Lab com/Website april 2026/airlab-website/.superpowers/brainstorm/81509-1779763759/content/full-section-mockup.html"}
{"type":"screen-updated","file":"/Users/anna.celma.e/Documents/1. AIR Lab com/Website april 2026/airlab-website/.superpowers/brainstorm/81509-1779763759/content/full-section-mockup.html"}
{"type":"screen-updated","file":"/Users/anna.celma.e/Documents/1. AIR Lab com/Website april 2026/airlab-website/.superpowers/brainstorm/81509-1779763759/content/full-section-mockup.html"}
{"type":"screen-updated","file":"/Users/anna.celma.e/Documents/1. AIR Lab com/Website april 2026/airlab-website/.superpowers/brainstorm/81509-1779763759/content/full-section-mockup.html"}
{"type":"screen-updated","file":"/Users/anna.celma.e/Documents/1. AIR Lab com/Website april 2026/airlab-website/.superpowers/brainstorm/81509-1779763759/content/full-section-mockup.html"}
{"type":"screen-updated","file":"/Users/anna.celma.e/Documents/1. AIR Lab com/Website april 2026/airlab-website/.superpowers/brainstorm/81509-1779763759/content/full-section-mockup.html"}
{"type":"screen-updated","file":"/Users/anna.celma.e/Documents/1. AIR Lab com/Website april 2026/airlab-website/.superpowers/brainstorm/81509-1779763759/content/full-section-mockup.html"}
{"type":"screen-updated","file":"/Users/anna.celma.e/Documents/1. AIR Lab com/Website april 2026/airlab-website/.superpowers/brainstorm/81509-1779763759/content/full-section-mockup.html"}
{"type":"screen-updated","file":"/Users/anna.celma.e/Documents/1. AIR Lab com/Website april 2026/airlab-website/.superpowers/brainstorm/81509-1779763759/content/full-section-mockup.html"}
{"type":"screen-updated","file":"/Users/anna.celma.e/Documents/1. AIR Lab com/Website april 2026/airlab-website/.superpowers/brainstorm/81509-1779763759/content/full-section-mockup.html"}
{"type":"screen-updated","file":"/Users/anna.celma.e/Documents/1. AIR Lab com/Website april 2026/airlab-website/.superpowers/brainstorm/81509-1779763759/content/full-section-mockup.html"}
{"type":"screen-updated","file":"/Users/anna.celma.e/Documents/1. AIR Lab com/Website april 2026/airlab-website/.superpowers/brainstorm/81509-1779763759/content/full-section-mockup.html"}
{"type":"screen-updated","file":"/Users/anna.celma.e/Documents/1. AIR Lab com/Website april 2026/airlab-website/.superpowers/brainstorm/81509-1779763759/content/full-section-mockup.html"}
{"type":"screen-updated","file":"/Users/anna.celma.e/Documents/1. AIR Lab com/Website april 2026/airlab-website/.superpowers/brainstorm/81509-1779763759/content/full-section-mockup.html"}
{"type":"screen-updated","file":"/Users/anna.celma.e/Documents/1. AIR Lab com/Website april 2026/airlab-website/.superpowers/brainstorm/81509-1779763759/content/full-section-mockup.html"}
{"type":"screen-updated","file":"/Users/anna.celma.e/Documents/1. AIR Lab com/Website april 2026/airlab-website/.superpowers/brainstorm/81509-1779763759/content/full-section-mockup.html"}
{"type":"screen-updated","file":"/Users/anna.celma.e/Documents/1. AIR Lab com/Website april 2026/airlab-website/.superpowers/brainstorm/81509-1779763759/content/full-section-mockup.html"}
{"type":"screen-updated","file":"/Users/anna.celma.e/Documents/1. AIR Lab com/Website april 2026/airlab-website/.superpowers/brainstorm/81509-1779763759/content/full-section-mockup.html"}
{"type":"screen-updated","file":"/Users/anna.celma.e/Documents/1. AIR Lab com/Website april 2026/airlab-website/.superpowers/brainstorm/81509-1779763759/content/full-section-mockup.html"}
{"type":"screen-updated","file":"/Users/anna.celma.e/Documents/1. AIR Lab com/Website april 2026/airlab-website/.superpowers/brainstorm/81509-1779763759/content/full-section-mockup.html"}
{"type":"screen-updated","file":"/Users/anna.celma.e/Documents/1. AIR Lab com/Website april 2026/airlab-website/.superpowers/brainstorm/81509-1779763759/content/full-section-mockup.html"}
{"type":"screen-updated","file":"/Users/anna.celma.e/Documents/1. AIR Lab com/Website april 2026/airlab-website/.superpowers/brainstorm/81509-1779763759/content/full-section-mockup.html"}
{"type":"screen-updated","file":"/Users/anna.celma.e/Documents/1. AIR Lab com/Website april 2026/airlab-website/.superpowers/brainstorm/81509-1779763759/content/full-section-mockup.html"}
{"type":"screen-updated","file":"/Users/anna.celma.e/Documents/1. AIR Lab com/Website april 2026/airlab-website/.superpowers/brainstorm/81509-1779763759/content/full-section-mockup.html"}
{"type":"screen-updated","file":"/Users/anna.celma.e/Documents/1. AIR Lab com/Website april 2026/airlab-website/.superpowers/brainstorm/81509-1779763759/content/full-section-mockup.html"}
{"type":"screen-updated","file":"/Users/anna.celma.e/Documents/1. AIR Lab com/Website april 2026/airlab-website/.superpowers/brainstorm/81509-1779763759/content/full-section-mockup.html"}
{"type":"server-stopped","reason":"idle timeout"}
